[2026-08-03 06:44:12] seed — settings + super admin done
[2026-08-03 06:44:15] seed — school + feeSettings done
[2026-08-03 06:44:16] seed — school admin user done
[2026-08-03 06:44:35] seed — classes + sections + subjects done
[2026-08-03 06:44:51] seed — settings + super admin done
[2026-08-03 06:44:51] seed — teachers + assignments done
[2026-08-03 06:44:53] seed — school + feeSettings done
[2026-08-03 06:44:55] seed — school admin user done
[2026-08-03 06:45:12] seed — students + guardian accounts done
[2026-08-03 06:45:14] seed — classes + sections + subjects done
[2026-08-03 06:45:23] seed — fees done
[2026-08-03 06:45:32] seed — teachers + assignments done
[2026-08-03 06:45:54] seed — students + guardian accounts done
[2026-08-03 06:46:06] seed — fees done
[2026-08-03 06:46:57] seed — attendance done
[2026-08-03 06:47:21] seed — remarks + homework done
[2026-08-03 06:47:38] seed — exam + marks done
[2026-08-03 06:47:40] seed — notices + routine done
[2026-08-03 06:47:41] seed — messages done
[2026-08-03 06:47:41] seed — SEED COMPLETE — all phases logged
[2026-08-03 06:47:46] seed — attendance done
[2026-08-03 06:48:11] seed — remarks + homework done
[2026-08-03 06:48:30] seed — exam + marks done
[2026-08-03 06:48:32] seed — notices + routine done
[2026-08-03 06:48:33] seed — messages done
[2026-08-03 06:48:33] seed — SEED COMPLETE — all phases logged
[2026-08-03 06:50:26] SESSION — resumed after power outage: fixed .env private key (double-escaped), built checkpoint tooling, npm run setup SEED COMPLETE, check-seed all green. Next: deploy rules.
[2026-08-03 06:53:44] BLOCKER — firebase deploy rules FAILED 403: CLI account himelfaysalahmed103@gmail.com has no access to project amar-e-school (not in projects:list). Fix: login with owner account or grant IAM. Seed/Admin SDK unaffected.
[2026-08-03 07:04:04] ✅ RULES DEPLOYED — switched CLI to shufayetahamedt4@gmail.com; firestore:rules + storage rules released to amar-e-school. Next: git init + commit, then UI test.
[2026-08-03 07:11:39] ✅ APP RUNNING — dev server on :3000, super admin login OK, /api/schools returns Sunrise Intl School (14 students/4 teachers) from Firestore. UI test PASSED (login + admin + data).
[2026-08-03 16:49:55] seed — settings + super admin done
[2026-08-03 16:49:58] seed — school + feeSettings done
[2026-08-03 16:49:59] seed — school admin user done
[2026-08-03 16:50:11] seed — classes + sections + subjects done
[2026-08-03 16:50:22] seed — teachers + assignments done
[2026-08-03 16:50:35] seed — students + guardian accounts done
[2026-08-03 16:50:42] seed — fees done
[2026-08-03 16:51:41] seed — attendance done
[2026-08-03 16:51:56] seed — remarks + homework done
[2026-08-03 16:52:08] seed — exam + marks done
[2026-08-03 16:52:09] seed — notices + routine done
[2026-08-03 16:52:10] seed — messages done
[2026-08-03 16:52:10] seed — SEED COMPLETE — all phases logged
[2026-08-04 00:25:19] seed — settings + super admin done
[2026-08-04 00:25:22] seed — school + feeSettings done
[2026-08-04 00:25:23] seed — school admin user done
[2026-08-04 00:25:38] seed — classes + sections + subjects done
[2026-08-04 00:25:57] seed — teachers + assignments done
[2026-08-04 00:26:11] seed — students + guardian accounts done
[2026-08-04 00:26:19] seed — fees done
[2026-08-04 00:27:42] seed — attendance done
[2026-08-04 00:28:07] seed — remarks + homework done
[2026-08-04 00:28:20] seed — exam + marks done
[2026-08-04 00:28:21] seed — notices + routine done
[2026-08-04 00:28:22] seed — messages done
[2026-08-04 00:28:22] seed — SEED COMPLETE — all phases logged
[2026-08-04 01:05:02] SAVE — resume system added: save.mjs + resume.mjs + npm scripts + PROGRESS convention
[2026-08-04 01:05:56] SAVE — fixed save.mjs ordering (snapshot committed) + resume.mjs next-steps parser
[2026-08-04 01:06:40] SAVE — final polish: save leaves clean tree, resume parser stops at blockquotes
[2026-08-04 01:08:29] SAVE — hardened save.mjs: secret guard + clearer git errors
[2026-08-04 01:08:30] SAVE — should be REFUSED
[2026-08-04 01:09:00] SAVE — attack attempt
[2026-08-04 01:09:01] SAVE — attack attempt
[2026-08-04 01:09:17] SAVE — cleanup after secret-guard tests
[2026-08-04 01:09:29] SAVE — PROGRESS: documented secret guard
[2026-08-04 01:17:45] SAVE — added scripts/deploy-guide.md — full App Hosting deployment checklist
[2026-08-04 01:25:25] SAVE — deploy step 1: remote added (shufayetahamedt4-collab/smart-school-erp); push blocked on wrong cached GitHub account faysalahmedhimel04-gif — user pushing from own terminal
[2026-08-04 01:32:52] SAVE — DEPLOY MILESTONE: code pushed to github.com/shufayetahamedt4-collab/smart-school-erp (main @ 65249d2), secrets verified absent. Next: create App Hosting backend in console, set 4 secrets, deploy, fix APP_URL
[2026-08-04 01:39:35] SAVE — PUSH COMPLETE: local c2b6f74 now on origin/main (0 ahead/behind). Ready for App Hosting backend creation.
[2026-09-18 09:12:23] seed — settings + super admin done
[2026-09-18 09:12:24] seed — school + feeSettings done
[2026-09-18 09:12:25] seed — school admin user done
[2026-09-18 09:12:38] seed — classes + sections + subjects done
[2026-09-18 09:12:50] seed — teachers + assignments done
[2026-09-18 09:13:05] seed — students + guardian accounts done
[2026-09-18 09:13:13] seed — fees done
[2026-09-18 09:15:22] seed — attendance done
[2026-09-18 09:15:55] seed — remarks + homework done
[2026-09-18 09:16:08] seed — exam + marks done
[2026-09-18 09:16:09] seed — notices + routine done
[2026-09-18 09:16:10] seed — messages done
[2026-09-18 09:16:11] seed — PRD admissions demo done
[2026-09-18 09:16:21] seed — PRD ledger demo done
[2026-09-18 09:16:24] seed — PRD chat demo done
[2026-09-18 09:16:25] seed — PRD notifications demo done
[2026-09-18 09:16:25] seed — SEED COMPLETE — all phases logged
2026-09-18 18:39
SESSION PAUSED — PRD v1.2 pushed (be71192). Paused on: firebase:deploy blocked by Firebase CLI login (browser Allow step pending; cmd login window open). Resume: complete browser login → npm run firebase:deploy → verify rules.
[2026-09-18 18:12:42] seed — settings + super admin done
[2026-09-18 18:12:44] seed — school + feeSettings done
[2026-09-18 18:12:44] seed — school admin user done
[2026-09-18 18:12:59] seed — classes + sections + subjects done
[2026-09-18 18:13:15] seed — teachers + assignments done
[2026-09-18 18:13:30] seed — students + guardian accounts done
[2026-09-18 18:13:39] seed — fees done
[2026-09-18 18:15:06] seed — attendance done
[2026-09-18 18:15:32] seed — remarks + homework done
[2026-09-18 18:15:46] seed — exam + marks done
[2026-09-18 18:15:47] seed — notices + routine done
[2026-09-18 18:15:48] seed — messages done
[2026-09-18 18:15:56] seed — PRD plans + subscription demo done
[2026-09-18 18:15:56] seed — SEED COMPLETE — all phases logged
[2026-09-19 05:33:15] SAVE — SESSION PAUSED — Phase 2 done (8e8346a,8cea3ca,1aba4bb); follow-up QA refinements (GRACE lifecycle, plan-wired school creation, N+1 fixes, permission hardening) verified tsc-green and checkpoint-committed; preview re-registered; pending: firebase:deploy (browser Allow), push, Phase 3
[2026-09-19 05:52:09] SAVE — SESSION PAUSED (2) — deploy blocked on CLI auth (session file has no user; user terminal login did not persist). Everything else saved: Phase 2 + checkpoint commit 6862ebd clean. Dev server live port 3000 PID 11196. Next: firebase login (user terminal) → npm run firebase:deploy → Phase 3.
[2026-09-19 14:43:31] SAVE — firebase:deploy COMPLETE & VERIFIED — both rulesets released to amar-e-school and byte-identical to local (scripts/verify-deployed-rules.mjs). CLI login done from user terminal. PRD phase 0-2 closed; next: push 5 local commits, Phase 3.
[2026-09-19 15:36:05] SAVE — PUSHED: origin/main = 0ee4027 (0 ahead/0 behind, ls-remote verified). GitHub now has Phase 2 + rules-deploy + checkpoints. Tree clean. Next: Phase 3 or Phase 2 live QA.
